// Jest Snapshot v1, https://goo.gl/fbAQLP

exports[`////--------Pruebas en Counter App------------/// Debe de bhacer march con el snapshot 1`] = `
<div>
  <h1>
     Counter App
  </h1>
  <h2>
        
    1
       
  </h2>
  <button>
    +1
  </button>
  <button>
    -1
  </button>
  <button
    aria-level="btn-reset"
  >
    reset
  </button>
</div>
`;
